Millionaire Mind - Session Replay Log
Player: dw
Ended: 2026-09-25T13:39:02.233030400
Outcome: Walked away
Final winnings: $0
----------------------------------------
Question history:
Q01 [Remembering] (ACT3-Q01) - CORRECT
  Prompt: Which of the following correctly lists the four necessary components required to define a formal, well-defined problem in artificial intelligence?
  Chosen: C) Initial state, set of valid operators/actions, goal state test, and path constraints
  Correct answer: C) Initial state, set of valid operators/actions, goal state test, and path constraints
  Source: Module 3 / A1_The Search Process.pdf, p. 1
Q02 [Remembering] (ACT5-Q05) - CORRECT
  Prompt: Which of these is are part of the formal definition of problem-solving?
  Chosen: B) All of the above.
  Correct answer: B) All of the above.
  Source: Module 2 / A1_An Introduction to Problem Solving.pdf, p. 1
Q03 [Understanding] (ACT1-Q11) - CORRECT
  Prompt: What is the distinction between posing problems and solving problems?
  Chosen: D) Posing problems involves recognizing and clearly defining a problem situation, while solving problems involves carrying out steps to reach a desired goal.
  Correct answer: D) Posing problems involves recognizing and clearly defining a problem situation, while solving problems involves carrying out steps to reach a desired goal.
  Source: Module 1 / A1_Intelligence and Other Aids to Problem Solving.pdf, p. pp. 2, 4
----------------------------------------
Bloom's report:
  Remembering: 2/2 correct
  Understanding: 1/1 correct
  Applying: 0/0 correct
  Analyzing: 0/0 correct
  Evaluating: 0/0 correct
  Creating: 0/0 correct
