Millionaire Mind - Session Replay Log
Player: ioknklm
Ended: 2026-09-25T19:04:18.411844200
Outcome: Walked away
Final winnings: $0
----------------------------------------
Question history:
Q01 [Remembering] (ACT5-Q05) - CORRECT
  Prompt: Which of these is are part of the formal definition of problem-solving?
  Chosen: D) All of the above.
  Correct answer: D) All of the above.
  Source: Module 2 / A1_An Introduction to Problem Solving.pdf, p. 1
Q02 [Remembering] (ACT1-Q10) - CORRECT
  Prompt: Who developed the first Intelligence Quotient (IQ) test in the early 1900s?
  Chosen: B) Alfred Benet and Theodore Simon
  Correct answer: B) Alfred Benet and Theodore Simon
  Source: Module 1 / A1_Intelligence and Other Aids to Problem Solving.pdf, p. 2
----------------------------------------
Bloom's report:
  Remembering: 2/2 correct
  Understanding: 0/0 correct
  Applying: 0/0 correct
  Analyzing: 0/0 correct
  Evaluating: 0/0 correct
  Creating: 0/0 correct
