Millionaire Mind - Session Replay Log
Player: uiuhh
Ended: 2026-09-25T12:40:17.328745300
Outcome: Walked away
Final winnings: $0
----------------------------------------
Question history:
Q01 [Remembering] (ACT1-Q04) - CORRECT
  Prompt: Which Artificial Intelligence pioneer defined AI as "the science of making machines do things that would require intelligence if done by men"?
  Chosen: A) Marvin Minsky
  Correct answer: A) Marvin Minsky
  Source: Module 1 / A1_Intelligence and Other Aids to Problem Solving.pdf, p. 1
----------------------------------------
Bloom's report:
  Remembering: 1/1 correct
  Understanding: 0/0 correct
  Applying: 0/0 correct
  Analyzing: 0/0 correct
  Evaluating: 0/0 correct
  Creating: 0/0 correct
