Millionaire Mind - Session Replay Log
Player: uiuhh
Ended: 2026-09-25T12:38:11.284917600
Outcome: Missed a question
Final winnings: $0
----------------------------------------
Question history:
Q01 [Remembering] (ACT5-Q05) - TIMEOUT
  Prompt: Which of these is are part of the formal definition of problem-solving?
  Chosen: (no answer — ran out of time)
  Correct answer: A) All of the above.
  Source: Module 2 / A1_An Introduction to Problem Solving.pdf, p. 1
----------------------------------------
Bloom's report:
  Remembering: 0/1 correct
  Understanding: 0/0 correct
  Applying: 0/0 correct
  Analyzing: 0/0 correct
  Evaluating: 0/0 correct
  Creating: 0/0 correct
