Millionaire Mind - Session Replay Log
Player: efsfe
Ended: 2026-09-25T12:34:37.090731500
Outcome: Missed a question
Final winnings: $0
----------------------------------------
Question history:
Q01 [Remembering] (ACT3-Q10) - TIMEOUT
  Prompt: This is the process of designing and carrying out a set of steps to reach a goal.
  Chosen: (no answer — ran out of time)
  Correct answer: D) Problem solving
  Source: Module 2 / A1_An Introduction to Problem Solving.pdf, p. 1
----------------------------------------
Bloom's report:
  Remembering: 0/1 correct
  Understanding: 0/0 correct
  Applying: 0/0 correct
  Analyzing: 0/0 correct
  Evaluating: 0/0 correct
  Creating: 0/0 correct
