Millionaire Mind - Session Replay Log
Player: kj
Ended: 2026-09-25T12:27:46.946602100
Outcome: Missed a question
Final winnings: $0
----------------------------------------
Question history:
Q01 [Remembering] (ACT1-Q01) - TIMEOUT
  Prompt: According to the New English Dictionary of 1932, which of the following attributes were primarily emphasized when defining intelligence?
  Chosen: (no answer — ran out of time)
  Correct answer: D) Acquired knowledge and mental speed
  Source: Module 1 / A2_What is Intelligence.pdf, p. 1
----------------------------------------
Bloom's report:
  Remembering: 0/1 correct
  Understanding: 0/0 correct
  Applying: 0/0 correct
  Analyzing: 0/0 correct
  Evaluating: 0/0 correct
  Creating: 0/0 correct
