Millionaire Mind - Session Replay Log
Player: dfefsf
Ended: 2026-09-25T12:28:27.182606800
Outcome: Missed a question
Final winnings: $0
----------------------------------------
Question history:
Q01 [Remembering] (ACT3-Q07) - TIMEOUT
  Prompt: According to Polya's five-step sequence for problem solving, what is the immediate next step after you "Develop an algorithm (plan)"?
  Chosen: (no answer — ran out of time)
  Correct answer: A) Implement the algorithm
  Source: Module 2 / A2_Problem_Solving.pdf, p. 1
----------------------------------------
Bloom's report:
  Remembering: 0/1 correct
  Understanding: 0/0 correct
  Applying: 0/0 correct
  Analyzing: 0/0 correct
  Evaluating: 0/0 correct
  Creating: 0/0 correct
